# PathRenderer2D golden framebuffer
4 4
ff0000ffff0000ffff0000ffff0000ff
ff0000ffbcbc00ffbcbc00ffff0000ff
ff0000ffbcbc00ffbcbc00ffff0000ff
ff0000ffff0000ffff0000ffff0000ff
