# Widget golden framebuffer
60 36
000000ff000000ff000000ff000000ff000000ff000000ff000000ff000000ff000000ff000000ff000000ff000000ffbfbfc7ffbfbfc7ffbfbfc7ffbfbfc7ffbfbfc7ffbfbfc7ffbfbfc7ffbfbfc7ffbfbfc7ffbfbfc7ffbfbfc7ffbfbfc7ffbfbfc7ffbfbfc7ffbfbfc7ffbfbfc7ffbfbfc7ffbfbfc7ffbfbfc7ffbfbfc7ffbfbfc7ffbfbfc7ffbfbfc7ffbfbfc7ffbfbfc7ffbfbfc7ffbfbfc7ffbfbfc7ffbfbfc7ffbfbfc7ffbfbfc7ffbfbfc7ff000000ff000000ff000000ff000000ff000000ff000000ff000000ff000000ff000000ff000000ff000000ff000000ff000000ff000000ff000000ff000000ff
000000ff000000ff000000ff000000ff000000ff000000ff000000ff000000ff000000ffbfbfc7ffbfbfc7ffbfbfc7ffbfbfc7ffbfbfc7ffbfbfc7ffbfbfc7ffbfbfc7ffbfbfc7ffbfbfc7ffbfbfc7ffbfbfc7ffbfbfc7ffbfbfc7ffbfbfc7ffbfbfc7ffbfbfc7ffbfbfc7ffbfbfc7ffbfbfc7ffbfbfc7ffbfbfc7ffbfbfc7ffbfbfc7ffbfbfc7ffbfbfc7ffbfbfc7ffbfbfc7ffbfbfc7ffbfbfc7ffbfbfc7ffbfbfc7ffbfbfc7ffbfbfc7ffbfbfc7ffbfbfc7ffbfbfc7ffbfbfc7ff000000ff000000ff000000ff000000ff000000ff000000ff000000ff000000ff000000ff000000ff000000ff000000ff000000ff
000000ff000000ff000000ff000000ff000000ff000000ff000000ffbfbfc7ffbfbfc7ffbfbfc7ffbfbfc7ffbfbfc7ffffffffffffffffffffffffffffffffffffffffffffffffffffffffffffffffffbfbfc7ffbfbfc7ffbfbfc7ffbfbfc7ffbfbfc7ffbfbfc7ffbfbfc7ffbfbfc7ffbfbfc7ffbfbfc7ffbfbfc7ffbfbfc7ffbfbfc7ffbfbfc7ffbfbfc7ffbfbfc7ffbfbfc7ffbfbfc7ffbfbfc7ffbfbfc7ffbfbfc7ffbfbfc7ffbfbfc7ffbfbfc7ffbfbfc7ffbfbfc7ffbfbfc7ffbfbfc7ffbfbfc7ff000000ff000000ff000000ff000000ff000000ff000000ff000000ff000000ff000000ff000000ff000000ff
000000ff000000ff000000ff000000ff000000ff000000ffbfbfc7ffbfbfc7ffbfbfc7ffbfbfc7ffffffffffffffffffffffffffffffffffffffffffffffffffffffffffffffffffffffffffffffffffffffffffffffffffbfbfc7ffbfbfc7ffbfbfc7ffbfbfc7ffbfbfc7ffbfbfc7ffbfbfc7ffbfbfc7ffbfbfc7ffbfbfc7ffbfbfc7ffbfbfc7ffbfbfc7ffbfbfc7ffbfbfc7ffbfbfc7ffbfbfc7ffbfbfc7ffbfbfc7ffbfbfc7ffbfbfc7ffbfbfc7ffbfbfc7ffbfbfc7ffbfbfc7ffbfbfc7ffbfbfc7ffbfbfc7ff000000ff000000ff000000ff000000ff000000ff000000ff000000ff000000ff000000ff000000ff
000000ff000000ff000000ff000000ff000000ffbfbfc7ffbfbfc7ffbfbfc7ffffffffffffffffffffffffffffffffffffffffffffffffffffffffffffffffffffffffffffffffffffffffffffffffffffffffffffffffffffffffffffffffffbfbfc7ffbfbfc7ffbfbfc7ffbfbfc7ffbfbfc7ffbfbfc7ffbfbfc7ffbfbfc7ffbfbfc7ffbfbfc7ffbfbfc7ffbfbfc7ffbfbfc7ffbfbfc7ffbfbfc7ffbfbfc7ffbfbfc7ffbfbfc7ffbfbfc7ffbfbfc7ffbfbfc7ffbfbfc7ffbfbfc7ffbfbfc7ffbfbfc7ffbfbfc7ffbfbfc7ff000000ff000000ff000000ff000000ff000000ff000000ff000000ff000000ff000000ff
000000ff000000ff000000ff000000ffbfbfc7ffbfbfc7ffbfbfc7ffffffffffffffffffffffffffffffffffffffffffffffffffffffffffffffffffffffffffffffffffffffffffffffffffffffffffffffffffffffffffffffffffffffffffffffffffbfbfc7ffbfbfc7ffbfbfc7ffbfbfc7ffbfbfc7ffbfbfc7ffbfbfc7ffbfbfc7ffbfbfc7ffbfbfc7ffbfbfc7ffbfbfc7ffbfbfc7ffbfbfc7ffbfbfc7ffbfbfc7ffbfbfc7ffbfbfc7ffbfbfc7ffbfbfc7ffbfbfc7ffbfbfc7ffbfbfc7ffbfbfc7ffbfbfc7ffbfbfc7ffbfbfc7ff000000ff000000ff000000ff000000ff000000ff000000ff000000ff000000ff
000000ff000000ff000000ffbfbfc7ffbfbfc7ffbfbfc7ffffffffffffffffffffffffffffffffffffffffffffffffffffffffffffffffffffffffffffffffffffffffffffffffffffffffffffffffffffffffffffffffffffffffffffffffffffffffffffffffffbfbfc7ffbfbfc7ffbfbfc7ffbfbfc7ffbfbfc7ffbfbfc7ffbfbfc7ffbfbfc7ffbfbfc7ffbfbfc7ffbfbfc7ffbfbfc7ffbfbfc7ffbfbfc7ffbfbfc7ffbfbfc7ffbfbfc7ffbfbfc7ffbfbfc7ffbfbfc7ffbfbfc7ffbfbfc7ffbfbfc7ffbfbfc7ffbfbfc7ffbfbfc7ffbfbfc7ff000000ff000000ff000000ff000000ff000000ff000000ff000000ff
000000ff000000ffbfbfc7ffbfbfc7ffbfbfc7ffffffffffffffffffffffffffffffffffffffffffffffffffffffffffffffffffffffffffffffffffffffffffffffffffffffffffffffffffffffffffffffffffffffffffffffffffffffffffffffffffffffffffffffffffbfbfc7ffbfbfc7ffbfbfc7ffbfbfc7ffbfbfc7ffbfbfc7ffbfbfc7ffbfbfc7ffbfbfc7ffbfbfc7ffbfbfc7ffbfbfc7ffbfbfc7ffbfbfc7ffbfbfc7ffbfbfc7ffbfbfc7ffbfbfc7ffbfbfc7ffbfbfc7ffbfbfc7ffbfbfc7ffbfbfc7ffbfbfc7ffbfbfc7ffbfbfc7ffbfbfc7ff000000ff000000ff000000ff000000ff000000ff000000ff
000000ff000000ffbfbfc7ffbfbfc7ffffffffffffffffffffffffffffffffffffffffffffffffffffffffffffffffffffffffffffffffffffffffffffffffffffffffffffffffffffffffffffffffffffffffffffffffffffffffffffffffffffffffffffffffffffffffffffffffffbfbfc7ffbfbfc7ffbfbfc7ffbfbfc7ffbfbfc7ffbfbfc7ffbfbfc7ffbfbfc7ffbfbfc7ffbfbfc7ffbfbfc7ffbfbfc7ffbfbfc7ffbfbfc7ffbfbfc7ffbfbfc7ffbfbfc7ffbfbfc7ffbfbfc7ffbfbfc7ffbfbfc7ffbfbfc7ffbfbfc7ffbfbfc7ffbfbfc7ffbfbfc7ff000000ff000000ff000000ff000000ff000000ff000000ff
000000ffbfbfc7ffbfbfc7ffbfbfc7ffffffffffffffffffffffffffffffffffffffffffffffffffffffffffffffffffffffffffffffffffffffffffffffffffffffffffffffffffffffffffffffffffffffffffffffffffffffffffffffffffffffffffffffffffffffffffffffffffbfbfc7ffbfbfc7ffbfbfc7ffbfbfc7ffbfbfc7ffbfbfc7ffbfbfc7ffbfbfc7ffbfbfc7ffbfbfc7ffbfbfc7ffbfbfc7ffbfbfc7ffbfbfc7ffbfbfc7ffbfbfc7ffbfbfc7ffbfbfc7ffbfbfc7ffbfbfc7ffbfbfc7ffbfbfc7ffbfbfc7ffbfbfc7ffbfbfc7ffbfbfc7ffbfbfc7ff000000ff000000ff000000ff000000ff000000ff
000000ffbfbfc7ffbfbfc7ffffffffffffffffffffffffffffffffffffffffffffffffffffffffffffffffffffffffffffffffffffffffffffffffffffffffffffffffffffffffffffffffffffffffffffffffffffffffffffffffffffffffffffffffffffffffffffffffffffffffffffffffffbfbfc7ffbfbfc7ffbfbfc7ffbfbfc7ffbfbfc7ffbfbfc7ffbfbfc7ffbfbfc7ffbfbfc7ffbfbfc7ffbfbfc7ffbfbfc7ffbfbfc7ffbfbfc7ffbfbfc7ffbfbfc7ffbfbfc7ffbfbfc7ffbfbfc7ffbfbfc7ffbfbfc7ffbfbfc7ffbfbfc7ffbfbfc7ffbfbfc7ffbfbfc7ff000000ff000000ff000000ff000000ff000000ff
000000ffbfbfc7ffbfbfc7ffffffffffffffffffffffffffffffffffffffffffffffffffffffffffffffffffffffffffffffffffffffffffffffffffffffffffffffffffffffffffffffffffffffffffffffffffffffffffffffffffffffffffffffffffffffffffffffffffffffffffffffffffbfbfc7ffbfbfc7ffbfbfc7ffbfbfc7ffbfbfc7ffbfbfc7ffbfbfc7ffbfbfc7ffbfbfc7ffbfbfc7ffbfbfc7ffbfbfc7ffbfbfc7ffbfbfc7ffbfbfc7ffbfbfc7ffbfbfc7ffbfbfc7ffbfbfc7ffbfbfc7ffbfbfc7ffbfbfc7ffbfbfc7ffbfbfc7ffbfbfc7ffbfbfc7ff000000ff000000ff000000ff000000ff000000ff
bfbfc7ffbfbfc7ffffffffffffffffffffffffffffffffffffffffffffffffffffffffffffffffffffffffffffffffffffffffffffffffffffffffffffffffffffffffffffffffffffffffffffffffffffffffffffffffffffffffffffffffffffffffffffffffffffffffffffffffffffffffffffffffffbfbfc7ffbfbfc7ffbfbfc7ffbfbfc7ffbfbfc7ffbfbfc7ffbfbfc7ffbfbfc7ffbfbfc7ffbfbfc7ffbfbfc7ffbfbfc7ffbfbfc7ffbfbfc7ffbfbfc7ffbfbfc7ffbfbfc7ffbfbfc7ffbfbfc7ffbfbfc7ffbfbfc7ffbfbfc7ffbfbfc7ffbfbfc7ffbfbfc7ffbfbfc7ff000000ff000000ff000000ff000000ff
bfbfc7ffbfbfc7ffffffffffffffffffffffffffffffffffffffffffffffffffffffffffffffffffffffffffffffffffffffffffffffffffffffffffffffffffffffffffffffffffffffffffffffffffffffffffffffffffffffffffffffffffffffffffffffffffffffffffffffffffffffffffffffffffbfbfc7ffbfbfc7ffbfbfc7ffbfbfc7ffbfbfc7ffbfbfc7ffbfbfc7ffbfbfc7ffbfbfc7ffbfbfc7ffbfbfc7ffbfbfc7ffbfbfc7ffbfbfc7ffbfbfc7ffbfbfc7ffbfbfc7ffbfbfc7ffbfbfc7ffbfbfc7ffbfbfc7ffbfbfc7ffbfbfc7ffbfbfc7ffbfbfc7ffbfbfc7ff000000ff000000ff000000ff000000ff
bfbfc7ffbfbfc7ffffffffffffffffffffffffffffffffffffffffffffffffffffffffffffffffffffffffffffffffffffffffffffffffffffffffffffffffffffffffffffffffffffffffffffffffffffffffffffffffffffffffffffffffffffffffffffffffffffffffffffffffffffffffffffffffffbfbfc7ffbfbfc7ffbfbfc7ffbfbfc7ffbfbfc7ffbfbfc7ffbfbfc7ffbfbfc7ffbfbfc7ffbfbfc7ffbfbfc7ffbfbfc7ffbfbfc7ffbfbfc7ffbfbfc7ffbfbfc7ffbfbfc7ffbfbfc7ffbfbfc7ffbfbfc7ffbfbfc7ffbfbfc7ffbfbfc7ffbfbfc7ffbfbfc7ffbfbfc7ff000000ff000000ff000000ff000000ff
bfbfc7ffbfbfc7ffffffffffffffffffffffffffffffffffffffffffffffffffffffffffffffffffffffffffffffffffffffffffffffffffffffffffffffffffffffffffffffffffffffffffffffffffffffffffffffffffffffffffffffffffffffffffffffffffffffffffffffffffffffffffffffffffbfbfc7ffbfbfc7ffbfbfc7ffbfbfc7ffbfbfc7ffbfbfc7ffbfbfc7ffbfbfc7ffbfbfc7ffbfbfc7ffbfbfc7ffbfbfc7ffbfbfc7ffbfbfc7ffbfbfc7ffbfbfc7ffbfbfc7ffbfbfc7ffbfbfc7ffbfbfc7ffbfbfc7ffbfbfc7ffbfbfc7ffbfbfc7ffbfbfc7ffbfbfc7ff000000ff000000ff000000ff000000ff
bfbfc7ffbfbfc7ffffffffffffffffffffffffffffffffffffffffffffffffffffffffffffffffffffffffffffffffffffffffffffffffffffffffffffffffffffffffffffffffffffffffffffffffffffffffffffffffffffffffffffffffffffffffffffffffffffffffffffffffffffffffffffffffffbfbfc7ffbfbfc7ffbfbfc7ffbfbfc7ffbfbfc7ffbfbfc7ffbfbfc7ffbfbfc7ffbfbfc7ffbfbfc7ffbfbfc7ffbfbfc7ffbfbfc7ffbfbfc7ffbfbfc7ffbfbfc7ffbfbfc7ffbfbfc7ffbfbfc7ffbfbfc7ffbfbfc7ffbfbfc7ffbfbfc7ffbfbfc7ffbfbfc7ffbfbfc7ff000000ff000000ff000000ff000000ff
bfbfc7ffbfbfc7ffffffffffffffffffffffffffffffffffffffffffffffffffffffffffffffffffffffffffffffffffffffffffffffffffffffffffffffffffffffffffffffffffffffffffffffffffffffffffffffffffffffffffffffffffffffffffffffffffffffffffffffffffffffffffffffffffbfbfc7ffbfbfc7ffbfbfc7ffbfbfc7ffbfbfc7ffbfbfc7ffbfbfc7ffbfbfc7ffbfbfc7ffbfbfc7ffbfbfc7ffbfbfc7ffbfbfc7ffbfbfc7ffbfbfc7ffbfbfc7ffbfbfc7ffbfbfc7ffbfbfc7ffbfbfc7ffbfbfc7ffbfbfc7ffbfbfc7ffbfbfc7ffbfbfc7ffbfbfc7ff000000ff000000ff000000ff000000ff
bfbfc7ffbfbfc7ffffffffffffffffffffffffffffffffffffffffffffffffffffffffffffffffffffffffffffffffffffffffffffffffffffffffffffffffffffffffffffffffffffffffffffffffffffffffffffffffffffffffffffffffffffffffffffffffffffffffffffffffffffffffffffffffffbfbfc7ffbfbfc7ffbfbfc7ffbfbfc7ffbfbfc7ffbfbfc7ffbfbfc7ffbfbfc7ffbfbfc7ffbfbfc7ffbfbfc7ffbfbfc7ffbfbfc7ffbfbfc7ffbfbfc7ffbfbfc7ffbfbfc7ffbfbfc7ffbfbfc7ffbfbfc7ffbfbfc7ffbfbfc7ffbfbfc7ffbfbfc7ffbfbfc7ffbfbfc7ff000000ff000000ff000000ff000000ff
bfbfc7ffbfbfc7ffffffffffffffffffffffffffffffffffffffffffffffffffffffffffffffffffffffffffffffffffffffffffffffffffffffffffffffffffffffffffffffffffffffffffffffffffffffffffffffffffffffffffffffffffffffffffffffffffffffffffffffffffffffffffffffffffbfbfc7ffbfbfc7ffbfbfc7ffbfbfc7ffbfbfc7ffbfbfc7ffbfbfc7ffbfbfc7ffbfbfc7ffbfbfc7ffbfbfc7ffbfbfc7ffbfbfc7ffbfbfc7ffbfbfc7ffbfbfc7ffbfbfc7ffbfbfc7ffbfbfc7ffbfbfc7ffbfbfc7ffbfbfc7ffbfbfc7ffbfbfc7ffbfbfc7ffbfbfc7ff000000ff000000ff000000ff000000ff
000000ffbfbfc7ffbfbfc7ffffffffffffffffffffffffffffffffffffffffffffffffffffffffffffffffffffffffffffffffffffffffffffffffffffffffffffffffffffffffffffffffffffffffffffffffffffffffffffffffffffffffffffffffffffffffffffffffffffffffffffffffffbfbfc7ffbfbfc7ffbfbfc7ffbfbfc7ffbfbfc7ffbfbfc7ffbfbfc7ffbfbfc7ffbfbfc7ffbfbfc7ffbfbfc7ffbfbfc7ffbfbfc7ffbfbfc7ffbfbfc7ffbfbfc7ffbfbfc7ffbfbfc7ffbfbfc7ffbfbfc7ffbfbfc7ffbfbfc7ffbfbfc7ffbfbfc7ffbfbfc7ffbfbfc7ff000000ff000000ff000000ff000000ff000000ff
000000ffbfbfc7ffbfbfc7ffffffffffffffffffffffffffffffffffffffffffffffffffffffffffffffffffffffffffffffffffffffffffffffffffffffffffffffffffffffffffffffffffffffffffffffffffffffffffffffffffffffffffffffffffffffffffffffffffffffffffffffffffbfbfc7ffbfbfc7ffbfbfc7ffbfbfc7ffbfbfc7ffbfbfc7ffbfbfc7ffbfbfc7ffbfbfc7ffbfbfc7ffbfbfc7ffbfbfc7ffbfbfc7ffbfbfc7ffbfbfc7ffbfbfc7ffbfbfc7ffbfbfc7ffbfbfc7ffbfbfc7ffbfbfc7ffbfbfc7ffbfbfc7ffbfbfc7ffbfbfc7ffbfbfc7ff000000ff000000ff000000ff000000ff000000ff
000000ffbfbfc7ffbfbfc7ffbfbfc7ffffffffffffffffffffffffffffffffffffffffffffffffffffffffffffffffffffffffffffffffffffffffffffffffffffffffffffffffffffffffffffffffffffffffffffffffffffffffffffffffffffffffffffffffffffffffffffffffffbfbfc7ffbfbfc7ffbfbfc7ffbfbfc7ffbfbfc7ffbfbfc7ffbfbfc7ffbfbfc7ffbfbfc7ffbfbfc7ffbfbfc7ffbfbfc7ffbfbfc7ffbfbfc7ffbfbfc7ffbfbfc7ffbfbfc7ffbfbfc7ffbfbfc7ffbfbfc7ffbfbfc7ffbfbfc7ffbfbfc7ffbfbfc7ffbfbfc7ffbfbfc7ffbfbfc7ff000000ff000000ff000000ff000000ff000000ff
000000ff000000ffbfbfc7ffbfbfc7ffffffffffffffffffffffffffffffffffffffffffffffffffffffffffffffffffffffffffffffffffffffffffffffffffffffffffffffffffffffffffffffffffffffffffffffffffffffffffffffffffffffffffffffffffffffffffffffffffbfbfc7ffbfbfc7ffbfbfc7ffbfbfc7ffbfbfc7ffbfbfc7ffbfbfc7ffbfbfc7ffbfbfc7ffbfbfc7ffbfbfc7ffbfbfc7ffbfbfc7ffbfbfc7ffbfbfc7ffbfbfc7ffbfbfc7ffbfbfc7ffbfbfc7ffbfbfc7ffbfbfc7ffbfbfc7ffbfbfc7ffbfbfc7ffbfbfc7ffbfbfc7ff000000ff000000ff000000ff000000ff000000ff000000ff
000000ff000000ffbfbfc7ffbfbfc7ffbfbfc7ffffffffffffffffffffffffffffffffffffffffffffffffffffffffffffffffffffffffffffffffffffffffffffffffffffffffffffffffffffffffffffffffffffffffffffffffffffffffffffffffffffffffffffffffffbfbfc7ffbfbfc7ffbfbfc7ffbfbfc7ffbfbfc7ffbfbfc7ffbfbfc7ffbfbfc7ffbfbfc7ffbfbfc7ffbfbfc7ffbfbfc7ffbfbfc7ffbfbfc7ffbfbfc7ffbfbfc7ffbfbfc7ffbfbfc7ffbfbfc7ffbfbfc7ffbfbfc7ffbfbfc7ffbfbfc7ffbfbfc7ffbfbfc7ffbfbfc7ffbfbfc7ff000000ff000000ff000000ff000000ff000000ff000000ff
000000ff000000ff000000ffbfbfc7ffbfbfc7ffbfbfc7ffffffffffffffffffffffffffffffffffffffffffffffffffffffffffffffffffffffffffffffffffffffffffffffffffffffffffffffffffffffffffffffffffffffffffffffffffffffffffffffffffbfbfc7ffbfbfc7ffbfbfc7ffbfbfc7ffbfbfc7ffbfbfc7ffbfbfc7ffbfbfc7ffbfbfc7ffbfbfc7ffbfbfc7ffbfbfc7ffbfbfc7ffbfbfc7ffbfbfc7ffbfbfc7ffbfbfc7ffbfbfc7ffbfbfc7ffbfbfc7ffbfbfc7ffbfbfc7ffbfbfc7ffbfbfc7ffbfbfc7ffbfbfc7ffbfbfc7ff000000ff000000ff000000ff000000ff000000ff000000ff000000ff
000000ff000000ff000000ff000000ffbfbfc7ffbfbfc7ffbfbfc7ffffffffffffffffffffffffffffffffffffffffffffffffffffffffffffffffffffffffffffffffffffffffffffffffffffffffffffffffffffffffffffffffffffffffffffffffffbfbfc7ffbfbfc7ffbfbfc7ffbfbfc7ffbfbfc7ffbfbfc7ffbfbfc7ffbfbfc7ffbfbfc7ffbfbfc7ffbfbfc7ffbfbfc7ffbfbfc7ffbfbfc7ffbfbfc7ffbfbfc7ffbfbfc7ffbfbfc7ffbfbfc7ffbfbfc7ffbfbfc7ffbfbfc7ffbfbfc7ffbfbfc7ffbfbfc7ffbfbfc7ffbfbfc7ff000000ff000000ff000000ff000000ff000000ff000000ff000000ff000000ff
000000ff000000ff000000ff000000ff000000ffbfbfc7ffbfbfc7ffbfbfc7ffffffffffffffffffffffffffffffffffffffffffffffffffffffffffffffffffffffffffffffffffffffffffffffffffffffffffffffffffffffffffffffffffbfbfc7ffbfbfc7ffbfbfc7ffbfbfc7ffbfbfc7ffbfbfc7ffbfbfc7ffbfbfc7ffbfbfc7ffbfbfc7ffbfbfc7ffbfbfc7ffbfbfc7ffbfbfc7ffbfbfc7ffbfbfc7ffbfbfc7ffbfbfc7ffbfbfc7ffbfbfc7ffbfbfc7ffbfbfc7ffbfbfc7ffbfbfc7ffbfbfc7ffbfbfc7ffbfbfc7ff000000ff000000ff000000ff000000ff000000ff000000ff000000ff000000ff000000ff
000000ff000000ff000000ff000000ff000000ff000000ffbfbfc7ffbfbfc7ffbfbfc7ffbfbfc7ffffffffffffffffffffffffffffffffffffffffffffffffffffffffffffffffffffffffffffffffffffffffffffffffffbfbfc7ffbfbfc7ffbfbfc7ffbfbfc7ffbfbfc7ffbfbfc7ffbfbfc7ffbfbfc7ffbfbfc7ffbfbfc7ffbfbfc7ffbfbfc7ffbfbfc7ffbfbfc7ffbfbfc7ffbfbfc7ffbfbfc7ffbfbfc7ffbfbfc7ffbfbfc7ffbfbfc7ffbfbfc7ffbfbfc7ffbfbfc7ffbfbfc7ffbfbfc7ffbfbfc7ffbfbfc7ff000000ff000000ff000000ff000000ff000000ff000000ff000000ff000000ff000000ff000000ff
000000ff000000ff000000ff000000ff000000ff000000ff000000ffbfbfc7ffbfbfc7ffbfbfc7ffbfbfc7ffbfbfc7ffffffffffffffffffffffffffffffffffffffffffffffffffffffffffffffffffbfbfc7ffbfbfc7ffbfbfc7ffbfbfc7ffbfbfc7ffbfbfc7ffbfbfc7ffbfbfc7ffbfbfc7ffbfbfc7ffbfbfc7ffbfbfc7ffbfbfc7ffbfbfc7ffbfbfc7ffbfbfc7ffbfbfc7ffbfbfc7ffbfbfc7ffbfbfc7ffbfbfc7ffbfbfc7ffbfbfc7ffbfbfc7ffbfbfc7ffbfbfc7ffbfbfc7ffbfbfc7ffbfbfc7ff000000ff000000ff000000ff000000ff000000ff000000ff000000ff000000ff000000ff000000ff000000ff
000000ff000000ff000000ff000000ff000000ff000000ff000000ff000000ff000000ffbfbfc7ffbfbfc7ffbfbfc7ffbfbfc7ffbfbfc7ffbfbfc7ffbfbfc7ffbfbfc7ffbfbfc7ffbfbfc7ffbfbfc7ffbfbfc7ffbfbfc7ffbfbfc7ffbfbfc7ffbfbfc7ffbfbfc7ffbfbfc7ffbfbfc7ffbfbfc7ffbfbfc7ffbfbfc7ffbfbfc7ffbfbfc7ffbfbfc7ffbfbfc7ffbfbfc7ffbfbfc7ffbfbfc7ffbfbfc7ffbfbfc7ffbfbfc7ffbfbfc7ffbfbfc7ffbfbfc7ffbfbfc7ffbfbfc7ffbfbfc7ff000000ff000000ff000000ff000000ff000000ff000000ff000000ff000000ff000000ff000000ff000000ff000000ff000000ff
000000ff000000ff000000ff000000ff000000ff000000ff000000ff000000ff000000ff000000ff000000ff000000ffbfbfc7ffbfbfc7ffbfbfc7ffbfbfc7ffbfbfc7ffbfbfc7ffbfbfc7ffbfbfc7ffbfbfc7ffbfbfc7ffbfbfc7ffbfbfc7ffbfbfc7ffbfbfc7ffbfbfc7ffbfbfc7ffbfbfc7ffbfbfc7ffbfbfc7ffbfbfc7ffbfbfc7ffbfbfc7ffbfbfc7ffbfbfc7ffbfbfc7ffbfbfc7ffbfbfc7ffbfbfc7ffbfbfc7ffbfbfc7ffbfbfc7ffbfbfc7ff000000ff000000ff000000ff000000ff000000ff000000ff000000ff000000ff000000ff000000ff000000ff000000ff000000ff000000ff000000ff000000ff
000000ff000000ff000000ff000000ff000000ff000000ff000000ff000000ff000000ff000000ff000000ff000000ff000000ff000000ff000000ff000000ff000000ff000000ff000000ff000000ff000000ff000000ff000000ff000000ff000000ff000000ff000000ff000000ff000000ff000000ff000000ff000000ff000000ff000000ff000000ff000000ff000000ff000000ff000000ff000000ff000000ff000000ff000000ff000000ff000000ff000000ff000000ff000000ff000000ff000000ff000000ff000000ff000000ff000000ff000000ff000000ff000000ff000000ff000000ff000000ff
000000ff000000ff000000ff000000ff000000ff000000ff000000ff000000ff000000ff000000ff000000ff000000ff000000ff000000ff000000ff000000ff000000ff000000ff000000ff000000ff000000ff000000ff000000ff000000ff000000ff000000ff000000ff000000ff000000ff000000ff000000ff000000ff000000ff000000ff000000ff000000ff000000ff000000ff000000ff000000ff000000ff000000ff000000ff000000ff000000ff000000ff000000ff000000ff000000ff000000ff000000ff000000ff000000ff000000ff000000ff000000ff000000ff000000ff000000ff000000ff
000000ff000000ff000000ff000000ff000000ff000000ff000000ff000000ff000000ff000000ff000000ff000000ff000000ff000000ff000000ff000000ff000000ff000000ff000000ff000000ff000000ff000000ff000000ff000000ff000000ff000000ff000000ff000000ff000000ff000000ff000000ff000000ff000000ff000000ff000000ff000000ff000000ff000000ff000000ff000000ff000000ff000000ff000000ff000000ff000000ff000000ff000000ff000000ff000000ff000000ff000000ff000000ff000000ff000000ff000000ff000000ff000000ff000000ff000000ff000000ff
000000ff000000ff000000ff000000ff000000ff000000ff000000ff000000ff000000ff000000ff000000ff000000ff000000ff000000ff000000ff000000ff000000ff000000ff000000ff000000ff000000ff000000ff000000ff000000ff000000ff000000ff000000ff000000ff000000ff000000ff000000ff000000ff000000ff000000ff000000ff000000ff000000ff000000ff000000ff000000ff000000ff000000ff000000ff000000ff000000ff000000ff000000ff000000ff000000ff000000ff000000ff000000ff000000ff000000ff000000ff000000ff000000ff000000ff000000ff000000ff
