# Widget golden framebuffer
60 36
000000ff000000ff000000ff000000ff000000ff000000ff000000ff000000ff000000ff000000ff000000ff000000ff6f6f71ff6f6f71ff6f6f71ff6f6f71ff6f6f71ff6f6f71ff6f6f71ff6f6f71ff6f6f71ff6f6f71ff6f6f71ff6f6f71ff6f6f71ff6f6f71ff6f6f71ff6f6f71ff6f6f71ff6f6f71ff6f6f71ff6f6f71ff6f6f71ff6f6f71ff6f6f71ff6f6f71ff6f6f71ff6f6f71ff6f6f71ff6f6f71ff6f6f71ff6f6f71ff6f6f71ff6f6f71ff000000ff000000ff000000ff000000ff000000ff000000ff000000ff000000ff000000ff000000ff000000ff000000ff000000ff000000ff000000ff000000ff
000000ff000000ff000000ff000000ff000000ff000000ff000000ff000000ff000000ff6f6f71ff6f6f71ff6f6f71ff6f6f71ff6f6f71ff6f6f71ff6f6f71ff6f6f71ff6f6f71ff6f6f71ff6f6f71ff6f6f71ff6f6f71ff6f6f71ff6f6f71ff6f6f71ff6f6f71ff6f6f71ff6f6f71ff6f6f71ff6f6f71ff6f6f71ff6f6f71ff6f6f71ff6f6f71ff6f6f71ff6f6f71ff6f6f71ff6f6f71ff6f6f71ff6f6f71ff6f6f71ff6f6f71ff6f6f71ff6f6f71ff6f6f71ff6f6f71ff6f6f71ff000000ff000000ff000000ff000000ff000000ff000000ff000000ff000000ff000000ff000000ff000000ff000000ff000000ff
000000ff000000ff000000ff000000ff000000ff000000ff000000ff6f6f71ff6f6f71ff6f6f71ff6f6f71ff6f6f71ff969696ff969696ff969696ff969696ff969696ff969696ff969696ff969696ff6f6f71ff6f6f71ff6f6f71ff6f6f71ff6f6f71ff6f6f71ff6f6f71ff6f6f71ff6f6f71ff6f6f71ff6f6f71ff6f6f71ff6f6f71ff6f6f71ff6f6f71ff6f6f71ff6f6f71ff6f6f71ff6f6f71ff6f6f71ff6f6f71ff6f6f71ff6f6f71ff6f6f71ff6f6f71ff6f6f71ff6f6f71ff6f6f71ff6f6f71ff000000ff000000ff000000ff000000ff000000ff000000ff000000ff000000ff000000ff000000ff000000ff
000000ff000000ff000000ff000000ff000000ff000000ff6f6f71ff6f6f71ff6f6f71ff6f6f71ff969696ff969696ff969696ff969696ff969696ff969696ff969696ff969696ff969696ff969696ff969696ff969696ff6f6f71ff6f6f71ff6f6f71ff6f6f71ff6f6f71ff6f6f71ff6f6f71ff6f6f71ff6f6f71ff6f6f71ff6f6f71ff6f6f71ff6f6f71ff6f6f71ff6f6f71ff6f6f71ff6f6f71ff6f6f71ff6f6f71ff6f6f71ff6f6f71ff6f6f71ff6f6f71ff6f6f71ff6f6f71ff6f6f71ff6f6f71ff6f6f71ff000000ff000000ff000000ff000000ff000000ff000000ff000000ff000000ff000000ff000000ff
000000ff000000ff000000ff000000ff000000ff6f6f71ff6f6f71ff6f6f71ff969696ff969696ff969696ff969696ff969696ff969696ff969696ff969696ff969696ff969696ff969696ff969696ff969696ff969696ff969696ff969696ff6f6f71ff6f6f71ff6f6f71ff6f6f71ff6f6f71ff6f6f71ff6f6f71ff6f6f71ff6f6f71ff6f6f71ff6f6f71ff6f6f71ff6f6f71ff6f6f71ff6f6f71ff6f6f71ff6f6f71ff6f6f71ff6f6f71ff6f6f71ff6f6f71ff6f6f71ff6f6f71ff6f6f71ff6f6f71ff6f6f71ff6f6f71ff000000ff000000ff000000ff000000ff000000ff000000ff000000ff000000ff000000ff
000000ff000000ff000000ff000000ff6f6f71ff6f6f71ff6f6f71ff969696ff969696ff969696ff969696ff969696ff969696ff969696ff969696ff969696ff969696ff969696ff969696ff969696ff969696ff969696ff969696ff969696ff969696ff6f6f71ff6f6f71ff6f6f71ff6f6f71ff6f6f71ff6f6f71ff6f6f71ff6f6f71ff6f6f71ff6f6f71ff6f6f71ff6f6f71ff6f6f71ff6f6f71ff6f6f71ff6f6f71ff6f6f71ff6f6f71ff6f6f71ff6f6f71ff6f6f71ff6f6f71ff6f6f71ff6f6f71ff6f6f71ff6f6f71ff6f6f71ff000000ff000000ff000000ff000000ff000000ff000000ff000000ff000000ff
000000ff000000ff000000ff6f6f71ff6f6f71ff6f6f71ff969696ff969696ff969696ff969696ff969696ff969696ff969696ff969696ff969696ff969696ff969696ff969696ff969696ff969696ff969696ff969696ff969696ff969696ff969696ff969696ff6f6f71ff6f6f71ff6f6f71ff6f6f71ff6f6f71ff6f6f71ff6f6f71ff6f6f71ff6f6f71ff6f6f71ff6f6f71ff6f6f71ff6f6f71ff6f6f71ff6f6f71ff6f6f71ff6f6f71ff6f6f71ff6f6f71ff6f6f71ff6f6f71ff6f6f71ff6f6f71ff6f6f71ff6f6f71ff6f6f71ff6f6f71ff000000ff000000ff000000ff000000ff000000ff000000ff000000ff
000000ff000000ff6f6f71ff6f6f71ff6f6f71ff969696ff969696ff969696ff969696ff969696ff969696ff969696ff969696ff969696ff969696ff969696ff969696ff969696ff969696ff969696ff969696ff969696ff969696ff969696ff969696ff969696ff969696ff6f6f71ff6f6f71ff6f6f71ff6f6f71ff6f6f71ff6f6f71ff6f6f71ff6f6f71ff6f6f71ff6f6f71ff6f6f71ff6f6f71ff6f6f71ff6f6f71ff6f6f71ff6f6f71ff6f6f71ff6f6f71ff6f6f71ff6f6f71ff6f6f71ff6f6f71ff6f6f71ff6f6f71ff6f6f71ff6f6f71ff6f6f71ff000000ff000000ff000000ff000000ff000000ff000000ff
000000ff000000ff6f6f71ff6f6f71ff969696ff969696ff969696ff969696ff969696ff969696ff969696ff969696ff969696ff969696ff969696ff969696ff969696ff969696ff969696ff969696ff969696ff969696ff969696ff969696ff969696ff969696ff969696ff969696ff6f6f71ff6f6f71ff6f6f71ff6f6f71ff6f6f71ff6f6f71ff6f6f71ff6f6f71ff6f6f71ff6f6f71ff6f6f71ff6f6f71ff6f6f71ff6f6f71ff6f6f71ff6f6f71ff6f6f71ff6f6f71ff6f6f71ff6f6f71ff6f6f71ff6f6f71ff6f6f71ff6f6f71ff6f6f71ff6f6f71ff000000ff000000ff000000ff000000ff000000ff000000ff
000000ff6f6f71ff6f6f71ff6f6f71ff969696ff969696ff969696ff969696ff969696ff969696ff969696ff969696ff969696ff969696ff969696ff969696ff969696ff969696ff969696ff969696ff969696ff969696ff969696ff969696ff969696ff969696ff969696ff969696ff6f6f71ff6f6f71ff6f6f71ff6f6f71ff6f6f71ff6f6f71ff6f6f71ff6f6f71ff6f6f71ff6f6f71ff6f6f71ff6f6f71ff6f6f71ff6f6f71ff6f6f71ff6f6f71ff6f6f71ff6f6f71ff6f6f71ff6f6f71ff6f6f71ff6f6f71ff6f6f71ff6f6f71ff6f6f71ff6f6f71ff6f6f71ff000000ff000000ff000000ff000000ff000000ff
000000ff6f6f71ff6f6f71ff969696ff969696ff969696ff969696ff969696ff969696ff969696ff969696ff969696ff969696ff969696ff969696ff969696ff969696ff969696ff969696ff969696ff969696ff969696ff969696ff969696ff969696ff969696ff969696ff969696ff969696ff6f6f71ff6f6f71ff6f6f71ff6f6f71ff6f6f71ff6f6f71ff6f6f71ff6f6f71ff6f6f71ff6f6f71ff6f6f71ff6f6f71ff6f6f71ff6f6f71ff6f6f71ff6f6f71ff6f6f71ff6f6f71ff6f6f71ff6f6f71ff6f6f71ff6f6f71ff6f6f71ff6f6f71ff6f6f71ff6f6f71ff000000ff000000ff000000ff000000ff000000ff
000000ff6f6f71ff6f6f71ff969696ff969696ff969696ff969696ff969696ff969696ff969696ff969696ff969696ff969696ff969696ff969696ff969696ff969696ff969696ff969696ff969696ff969696ff969696ff969696ff969696ff969696ff969696ff969696ff969696ff969696ff6f6f71ff6f6f71ff6f6f71ff6f6f71ff6f6f71ff6f6f71ff6f6f71ff6f6f71ff6f6f71ff6f6f71ff6f6f71ff6f6f71ff6f6f71ff6f6f71ff6f6f71ff6f6f71ff6f6f71ff6f6f71ff6f6f71ff6f6f71ff6f6f71ff6f6f71ff6f6f71ff6f6f71ff6f6f71ff6f6f71ff000000ff000000ff000000ff000000ff000000ff
6f6f71ff6f6f71ff969696ff969696ff969696ff969696ff969696ff969696ff969696ff969696ff969696ff969696ff969696ff969696ff969696ff969696ff969696ff969696ff969696ff969696ff969696ff969696ff969696ff969696ff969696ff969696ff969696ff969696ff969696ff969696ff6f6f71ff6f6f71ff6f6f71ff6f6f71ff6f6f71ff6f6f71ff6f6f71ff6f6f71ff6f6f71ff6f6f71ff6f6f71ff6f6f71ff6f6f71ff6f6f71ff6f6f71ff6f6f71ff6f6f71ff6f6f71ff6f6f71ff6f6f71ff6f6f71ff6f6f71ff6f6f71ff6f6f71ff6f6f71ff6f6f71ff000000ff000000ff000000ff000000ff
6f6f71ff6f6f71ff969696ff969696ff969696ff969696ff969696ff969696ff969696ff969696ff969696ff969696ff969696ff969696ff969696ff969696ff969696ff969696ff969696ff969696ff969696ff969696ff969696ff969696ff969696ff969696ff969696ff969696ff969696ff969696ff6f6f71ff6f6f71ff6f6f71ff6f6f71ff6f6f71ff6f6f71ff6f6f71ff6f6f71ff6f6f71ff6f6f71ff6f6f71ff6f6f71ff6f6f71ff6f6f71ff6f6f71ff6f6f71ff6f6f71ff6f6f71ff6f6f71ff6f6f71ff6f6f71ff6f6f71ff6f6f71ff6f6f71ff6f6f71ff6f6f71ff000000ff000000ff000000ff000000ff
6f6f71ff6f6f71ff969696ff969696ff969696ff969696ff969696ff969696ff969696ff969696ff969696ff969696ff969696ff969696ff969696ff969696ff969696ff969696ff969696ff969696ff969696ff969696ff969696ff969696ff969696ff969696ff969696ff969696ff969696ff969696ff6f6f71ff6f6f71ff6f6f71ff6f6f71ff6f6f71ff6f6f71ff6f6f71ff6f6f71ff6f6f71ff6f6f71ff6f6f71ff6f6f71ff6f6f71ff6f6f71ff6f6f71ff6f6f71ff6f6f71ff6f6f71ff6f6f71ff6f6f71ff6f6f71ff6f6f71ff6f6f71ff6f6f71ff6f6f71ff6f6f71ff000000ff000000ff000000ff000000ff
6f6f71ff6f6f71ff969696ff969696ff969696ff969696ff969696ff969696ff969696ff969696ff969696ff969696ff969696ff969696ff969696ff969696ff969696ff969696ff969696ff969696ff969696ff969696ff969696ff969696ff969696ff969696ff969696ff969696ff969696ff969696ff6f6f71ff6f6f71ff6f6f71ff6f6f71ff6f6f71ff6f6f71ff6f6f71ff6f6f71ff6f6f71ff6f6f71ff6f6f71ff6f6f71ff6f6f71ff6f6f71ff6f6f71ff6f6f71ff6f6f71ff6f6f71ff6f6f71ff6f6f71ff6f6f71ff6f6f71ff6f6f71ff6f6f71ff6f6f71ff6f6f71ff000000ff000000ff000000ff000000ff
6f6f71ff6f6f71ff969696ff969696ff969696ff969696ff969696ff969696ff969696ff969696ff969696ff969696ff969696ff969696ff969696ff969696ff969696ff969696ff969696ff969696ff969696ff969696ff969696ff969696ff969696ff969696ff969696ff969696ff969696ff969696ff6f6f71ff6f6f71ff6f6f71ff6f6f71ff6f6f71ff6f6f71ff6f6f71ff6f6f71ff6f6f71ff6f6f71ff6f6f71ff6f6f71ff6f6f71ff6f6f71ff6f6f71ff6f6f71ff6f6f71ff6f6f71ff6f6f71ff6f6f71ff6f6f71ff6f6f71ff6f6f71ff6f6f71ff6f6f71ff6f6f71ff000000ff000000ff000000ff000000ff
6f6f71ff6f6f71ff969696ff969696ff969696ff969696ff969696ff969696ff969696ff969696ff969696ff969696ff969696ff969696ff969696ff969696ff969696ff969696ff969696ff969696ff969696ff969696ff969696ff969696ff969696ff969696ff969696ff969696ff969696ff969696ff6f6f71ff6f6f71ff6f6f71ff6f6f71ff6f6f71ff6f6f71ff6f6f71ff6f6f71ff6f6f71ff6f6f71ff6f6f71ff6f6f71ff6f6f71ff6f6f71ff6f6f71ff6f6f71ff6f6f71ff6f6f71ff6f6f71ff6f6f71ff6f6f71ff6f6f71ff6f6f71ff6f6f71ff6f6f71ff6f6f71ff000000ff000000ff000000ff000000ff
6f6f71ff6f6f71ff969696ff969696ff969696ff969696ff969696ff969696ff969696ff969696ff969696ff969696ff969696ff969696ff969696ff969696ff969696ff969696ff969696ff969696ff969696ff969696ff969696ff969696ff969696ff969696ff969696ff969696ff969696ff969696ff6f6f71ff6f6f71ff6f6f71ff6f6f71ff6f6f71ff6f6f71ff6f6f71ff6f6f71ff6f6f71ff6f6f71ff6f6f71ff6f6f71ff6f6f71ff6f6f71ff6f6f71ff6f6f71ff6f6f71ff6f6f71ff6f6f71ff6f6f71ff6f6f71ff6f6f71ff6f6f71ff6f6f71ff6f6f71ff6f6f71ff000000ff000000ff000000ff000000ff
6f6f71ff6f6f71ff969696ff969696ff969696ff969696ff969696ff969696ff969696ff969696ff969696ff969696ff969696ff969696ff969696ff969696ff969696ff969696ff969696ff969696ff969696ff969696ff969696ff969696ff969696ff969696ff969696ff969696ff969696ff969696ff6f6f71ff6f6f71ff6f6f71ff6f6f71ff6f6f71ff6f6f71ff6f6f71ff6f6f71ff6f6f71ff6f6f71ff6f6f71ff6f6f71ff6f6f71ff6f6f71ff6f6f71ff6f6f71ff6f6f71ff6f6f71ff6f6f71ff6f6f71ff6f6f71ff6f6f71ff6f6f71ff6f6f71ff6f6f71ff6f6f71ff000000ff000000ff000000ff000000ff
000000ff6f6f71ff6f6f71ff969696ff969696ff969696ff969696ff969696ff969696ff969696ff969696ff969696ff969696ff969696ff969696ff969696ff969696ff969696ff969696ff969696ff969696ff969696ff969696ff969696ff969696ff969696ff969696ff969696ff969696ff6f6f71ff6f6f71ff6f6f71ff6f6f71ff6f6f71ff6f6f71ff6f6f71ff6f6f71ff6f6f71ff6f6f71ff6f6f71ff6f6f71ff6f6f71ff6f6f71ff6f6f71ff6f6f71ff6f6f71ff6f6f71ff6f6f71ff6f6f71ff6f6f71ff6f6f71ff6f6f71ff6f6f71ff6f6f71ff6f6f71ff000000ff000000ff000000ff000000ff000000ff
000000ff6f6f71ff6f6f71ff969696ff969696ff969696ff969696ff969696ff969696ff969696ff969696ff969696ff969696ff969696ff969696ff969696ff969696ff969696ff969696ff969696ff969696ff969696ff969696ff969696ff969696ff969696ff969696ff969696ff969696ff6f6f71ff6f6f71ff6f6f71ff6f6f71ff6f6f71ff6f6f71ff6f6f71ff6f6f71ff6f6f71ff6f6f71ff6f6f71ff6f6f71ff6f6f71ff6f6f71ff6f6f71ff6f6f71ff6f6f71ff6f6f71ff6f6f71ff6f6f71ff6f6f71ff6f6f71ff6f6f71ff6f6f71ff6f6f71ff6f6f71ff000000ff000000ff000000ff000000ff000000ff
000000ff6f6f71ff6f6f71ff6f6f71ff969696ff969696ff969696ff969696ff969696ff969696ff969696ff969696ff969696ff969696ff969696ff969696ff969696ff969696ff969696ff969696ff969696ff969696ff969696ff969696ff969696ff969696ff969696ff969696ff6f6f71ff6f6f71ff6f6f71ff6f6f71ff6f6f71ff6f6f71ff6f6f71ff6f6f71ff6f6f71ff6f6f71ff6f6f71ff6f6f71ff6f6f71ff6f6f71ff6f6f71ff6f6f71ff6f6f71ff6f6f71ff6f6f71ff6f6f71ff6f6f71ff6f6f71ff6f6f71ff6f6f71ff6f6f71ff6f6f71ff6f6f71ff000000ff000000ff000000ff000000ff000000ff
000000ff000000ff6f6f71ff6f6f71ff969696ff969696ff969696ff969696ff969696ff969696ff969696ff969696ff969696ff969696ff969696ff969696ff969696ff969696ff969696ff969696ff969696ff969696ff969696ff969696ff969696ff969696ff969696ff969696ff6f6f71ff6f6f71ff6f6f71ff6f6f71ff6f6f71ff6f6f71ff6f6f71ff6f6f71ff6f6f71ff6f6f71ff6f6f71ff6f6f71ff6f6f71ff6f6f71ff6f6f71ff6f6f71ff6f6f71ff6f6f71ff6f6f71ff6f6f71ff6f6f71ff6f6f71ff6f6f71ff6f6f71ff6f6f71ff6f6f71ff000000ff000000ff000000ff000000ff000000ff000000ff
000000ff000000ff6f6f71ff6f6f71ff6f6f71ff969696ff969696ff969696ff969696ff969696ff969696ff969696ff969696ff969696ff969696ff969696ff969696ff969696ff969696ff969696ff969696ff969696ff969696ff969696ff969696ff969696ff969696ff6f6f71ff6f6f71ff6f6f71ff6f6f71ff6f6f71ff6f6f71ff6f6f71ff6f6f71ff6f6f71ff6f6f71ff6f6f71ff6f6f71ff6f6f71ff6f6f71ff6f6f71ff6f6f71ff6f6f71ff6f6f71ff6f6f71ff6f6f71ff6f6f71ff6f6f71ff6f6f71ff6f6f71ff6f6f71ff6f6f71ff6f6f71ff000000ff000000ff000000ff000000ff000000ff000000ff
000000ff000000ff000000ff6f6f71ff6f6f71ff6f6f71ff969696ff969696ff969696ff969696ff969696ff969696ff969696ff969696ff969696ff969696ff969696ff969696ff969696ff969696ff969696ff969696ff969696ff969696ff969696ff969696ff6f6f71ff6f6f71ff6f6f71ff6f6f71ff6f6f71ff6f6f71ff6f6f71ff6f6f71ff6f6f71ff6f6f71ff6f6f71ff6f6f71ff6f6f71ff6f6f71ff6f6f71ff6f6f71ff6f6f71ff6f6f71ff6f6f71ff6f6f71ff6f6f71ff6f6f71ff6f6f71ff6f6f71ff6f6f71ff6f6f71ff6f6f71ff000000ff000000ff000000ff000000ff000000ff000000ff000000ff
000000ff000000ff000000ff000000ff6f6f71ff6f6f71ff6f6f71ff969696ff969696ff969696ff969696ff969696ff969696ff969696ff969696ff969696ff969696ff969696ff969696ff969696ff969696ff969696ff969696ff969696ff969696ff6f6f71ff6f6f71ff6f6f71ff6f6f71ff6f6f71ff6f6f71ff6f6f71ff6f6f71ff6f6f71ff6f6f71ff6f6f71ff6f6f71ff6f6f71ff6f6f71ff6f6f71ff6f6f71ff6f6f71ff6f6f71ff6f6f71ff6f6f71ff6f6f71ff6f6f71ff6f6f71ff6f6f71ff6f6f71ff6f6f71ff6f6f71ff000000ff000000ff000000ff000000ff000000ff000000ff000000ff000000ff
000000ff000000ff000000ff000000ff000000ff6f6f71ff6f6f71ff6f6f71ff969696ff969696ff969696ff969696ff969696ff969696ff969696ff969696ff969696ff969696ff969696ff969696ff969696ff969696ff969696ff969696ff6f6f71ff6f6f71ff6f6f71ff6f6f71ff6f6f71ff6f6f71ff6f6f71ff6f6f71ff6f6f71ff6f6f71ff6f6f71ff6f6f71ff6f6f71ff6f6f71ff6f6f71ff6f6f71ff6f6f71ff6f6f71ff6f6f71ff6f6f71ff6f6f71ff6f6f71ff6f6f71ff6f6f71ff6f6f71ff6f6f71ff6f6f71ff000000ff000000ff000000ff000000ff000000ff000000ff000000ff000000ff000000ff
000000ff000000ff000000ff000000ff000000ff000000ff6f6f71ff6f6f71ff6f6f71ff6f6f71ff969696ff969696ff969696ff969696ff969696ff969696ff969696ff969696ff969696ff969696ff969696ff969696ff6f6f71ff6f6f71ff6f6f71ff6f6f71ff6f6f71ff6f6f71ff6f6f71ff6f6f71ff6f6f71ff6f6f71ff6f6f71ff6f6f71ff6f6f71ff6f6f71ff6f6f71ff6f6f71ff6f6f71ff6f6f71ff6f6f71ff6f6f71ff6f6f71ff6f6f71ff6f6f71ff6f6f71ff6f6f71ff6f6f71ff6f6f71ff6f6f71ff000000ff000000ff000000ff000000ff000000ff000000ff000000ff000000ff000000ff000000ff
000000ff000000ff000000ff000000ff000000ff000000ff000000ff6f6f71ff6f6f71ff6f6f71ff6f6f71ff6f6f71ff969696ff969696ff969696ff969696ff969696ff969696ff969696ff969696ff6f6f71ff6f6f71ff6f6f71ff6f6f71ff6f6f71ff6f6f71ff6f6f71ff6f6f71ff6f6f71ff6f6f71ff6f6f71ff6f6f71ff6f6f71ff6f6f71ff6f6f71ff6f6f71ff6f6f71ff6f6f71ff6f6f71ff6f6f71ff6f6f71ff6f6f71ff6f6f71ff6f6f71ff6f6f71ff6f6f71ff6f6f71ff6f6f71ff6f6f71ff000000ff000000ff000000ff000000ff000000ff000000ff000000ff000000ff000000ff000000ff000000ff
000000ff000000ff000000ff000000ff000000ff000000ff000000ff000000ff000000ff6f6f71ff6f6f71ff6f6f71ff6f6f71ff6f6f71ff6f6f71ff6f6f71ff6f6f71ff6f6f71ff6f6f71ff6f6f71ff6f6f71ff6f6f71ff6f6f71ff6f6f71ff6f6f71ff6f6f71ff6f6f71ff6f6f71ff6f6f71ff6f6f71ff6f6f71ff6f6f71ff6f6f71ff6f6f71ff6f6f71ff6f6f71ff6f6f71ff6f6f71ff6f6f71ff6f6f71ff6f6f71ff6f6f71ff6f6f71ff6f6f71ff6f6f71ff6f6f71ff6f6f71ff000000ff000000ff000000ff000000ff000000ff000000ff000000ff000000ff000000ff000000ff000000ff000000ff000000ff
000000ff000000ff000000ff000000ff000000ff000000ff000000ff000000ff000000ff000000ff000000ff000000ff6f6f71ff6f6f71ff6f6f71ff6f6f71ff6f6f71ff6f6f71ff6f6f71ff6f6f71ff6f6f71ff6f6f71ff6f6f71ff6f6f71ff6f6f71ff6f6f71ff6f6f71ff6f6f71ff6f6f71ff6f6f71ff6f6f71ff6f6f71ff6f6f71ff6f6f71ff6f6f71ff6f6f71ff6f6f71ff6f6f71ff6f6f71ff6f6f71ff6f6f71ff6f6f71ff6f6f71ff6f6f71ff000000ff000000ff000000ff000000ff000000ff000000ff000000ff000000ff000000ff000000ff000000ff000000ff000000ff000000ff000000ff000000ff
000000ff000000ff000000ff000000ff000000ff000000ff000000ff000000ff000000ff000000ff000000ff000000ff000000ff000000ff000000ff000000ff000000ff000000ff000000ff000000ff000000ff000000ff000000ff000000ff000000ff000000ff000000ff000000ff000000ff000000ff000000ff000000ff000000ff000000ff000000ff000000ff000000ff000000ff000000ff000000ff000000ff000000ff000000ff000000ff000000ff000000ff000000ff000000ff000000ff000000ff000000ff000000ff000000ff000000ff000000ff000000ff000000ff000000ff000000ff000000ff
000000ff000000ff000000ff000000ff000000ff000000ff000000ff000000ff000000ff000000ff000000ff000000ff000000ff000000ff000000ff000000ff000000ff000000ff000000ff000000ff000000ff000000ff000000ff000000ff000000ff000000ff000000ff000000ff000000ff000000ff000000ff000000ff000000ff000000ff000000ff000000ff000000ff000000ff000000ff000000ff000000ff000000ff000000ff000000ff000000ff000000ff000000ff000000ff000000ff000000ff000000ff000000ff000000ff000000ff000000ff000000ff000000ff000000ff000000ff000000ff
000000ff000000ff000000ff000000ff000000ff000000ff000000ff000000ff000000ff000000ff000000ff000000ff000000ff000000ff000000ff000000ff000000ff000000ff000000ff000000ff000000ff000000ff000000ff000000ff000000ff000000ff000000ff000000ff000000ff000000ff000000ff000000ff000000ff000000ff000000ff000000ff000000ff000000ff000000ff000000ff000000ff000000ff000000ff000000ff000000ff000000ff000000ff000000ff000000ff000000ff000000ff000000ff000000ff000000ff000000ff000000ff000000ff000000ff000000ff000000ff
000000ff000000ff000000ff000000ff000000ff000000ff000000ff000000ff000000ff000000ff000000ff000000ff000000ff000000ff000000ff000000ff000000ff000000ff000000ff000000ff000000ff000000ff000000ff000000ff000000ff000000ff000000ff000000ff000000ff000000ff000000ff000000ff000000ff000000ff000000ff000000ff000000ff000000ff000000ff000000ff000000ff000000ff000000ff000000ff000000ff000000ff000000ff000000ff000000ff000000ff000000ff000000ff000000ff000000ff000000ff000000ff000000ff000000ff000000ff000000ff
