# Widget golden framebuffer
60 36
000000ff000000ff000000ff000000ff000000ff000000ff000000ff000000ff000000ff000000ff000000ff000000ff5176edff5176edff5176edff5176edff5176edff5176edff5176edff5176edff5176edff5176edff5176edff5176edff5176edff5176edff5176edff5176edff5176edff5176edff5176edff5176edff5176edff5176edff5176edff5176edff5176edff5176edff5176edff5176edff5176edff5176edff5176edff5176edff000000ff000000ff000000ff000000ff000000ff000000ff000000ff000000ff000000ff000000ff000000ff000000ff000000ff000000ff000000ff000000ff
000000ff000000ff000000ff000000ff000000ff000000ff000000ff000000ff000000ff5176edff5176edff5176edff5176edff5176edff5176edff5176edff5176edff5176edff5176edff5176edff5176edff5176edff5176edff5176edff5176edff5176edff5176edff5176edff5176edff5176edff5176edff5176edff5176edff5176edff5176edff5176edff5176edff5176edff5176edff5176edff5176edff5176edff5176edff5176edff5176edff5176edff5176edff000000ff000000ff000000ff000000ff000000ff000000ff000000ff000000ff000000ff000000ff000000ff000000ff000000ff
000000ff000000ff000000ff000000ff000000ff000000ff000000ff5176edff5176edff5176edff5176edff5176edff5176edff5176edff5176edff5176edff5176edff5176edff5176edff5176edff5176edff5176edff5176edff5176edff5176edff5176edff5176edff5176edff5176edff5176edff5176edff5176edff5176edff5176edff5176edff5176edffffffffffffffffffffffffffffffffffffffffffffffffffffffffffffffffff5176edff5176edff5176edff5176edff5176edff000000ff000000ff000000ff000000ff000000ff000000ff000000ff000000ff000000ff000000ff000000ff
000000ff000000ff000000ff000000ff000000ff000000ff5176edff5176edff5176edff5176edff5176edff5176edff5176edff5176edff5176edff5176edff5176edff5176edff5176edff5176edff5176edff5176edff5176edff5176edff5176edff5176edff5176edff5176edff5176edff5176edff5176edff5176edff5176edff5176edffffffffffffffffffffffffffffffffffffffffffffffffffffffffffffffffffffffffffffffffffffffffffffffffff5176edff5176edff5176edff5176edff000000ff000000ff000000ff000000ff000000ff000000ff000000ff000000ff000000ff000000ff
000000ff000000ff000000ff000000ff000000ff5176edff5176edff5176edff5176edff5176edff5176edff5176edff5176edff5176edff5176edff5176edff5176edff5176edff5176edff5176edff5176edff5176edff5176edff5176edff5176edff5176edff5176edff5176edff5176edff5176edff5176edff5176edffffffffffffffffffffffffffffffffffffffffffffffffffffffffffffffffffffffffffffffffffffffffffffffffffffffffffffffffffffffffffffffffff5176edff5176edff5176edff000000ff000000ff000000ff000000ff000000ff000000ff000000ff000000ff000000ff
000000ff000000ff000000ff000000ff5176edff5176edff5176edff5176edff5176edff5176edff5176edff5176edff5176edff5176edff5176edff5176edff5176edff5176edff5176edff5176edff5176edff5176edff5176edff5176edff5176edff5176edff5176edff5176edff5176edff5176edff5176edffffffffffffffffffffffffffffffffffffffffffffffffffffffffffffffffffffffffffffffffffffffffffffffffffffffffffffffffffffffffffffffffffffffffffffffffff5176edff5176edff5176edff000000ff000000ff000000ff000000ff000000ff000000ff000000ff000000ff
000000ff000000ff000000ff5176edff5176edff5176edff5176edff5176edff5176edff5176edff5176edff5176edff5176edff5176edff5176edff5176edff5176edff5176edff5176edff5176edff5176edff5176edff5176edff5176edff5176edff5176edff5176edff5176edff5176edff5176edffffffffffffffffffffffffffffffffffffffffffffffffffffffffffffffffffffffffffffffffffffffffffffffffffffffffffffffffffffffffffffffffffffffffffffffffffffffffffffffffff5176edff5176edff5176edff000000ff000000ff000000ff000000ff000000ff000000ff000000ff
000000ff000000ff5176edff5176edff5176edff5176edff5176edff5176edff5176edff5176edff5176edff5176edff5176edff5176edff5176edff5176edff5176edff5176edff5176edff5176edff5176edff5176edff5176edff5176edff5176edff5176edff5176edff5176edff5176edffffffffffffffffffffffffffffffffffffffffffffffffffffffffffffffffffffffffffffffffffffffffffffffffffffffffffffffffffffffffffffffffffffffffffffffffffffffffffffffffffffffffffffffffff5176edff5176edff5176edff000000ff000000ff000000ff000000ff000000ff000000ff
000000ff000000ff5176edff5176edff5176edff5176edff5176edff5176edff5176edff5176edff5176edff5176edff5176edff5176edff5176edff5176edff5176edff5176edff5176edff5176edff5176edff5176edff5176edff5176edff5176edff5176edff5176edff5176edffffffffffffffffffffffffffffffffffffffffffffffffffffffffffffffffffffffffffffffffffffffffffffffffffffffffffffffffffffffffffffffffffffffffffffffffffffffffffffffffffffffffffffffffffffffffffffffffff5176edff5176edff000000ff000000ff000000ff000000ff000000ff000000ff
000000ff5176edff5176edff5176edff5176edff5176edff5176edff5176edff5176edff5176edff5176edff5176edff5176edff5176edff5176edff5176edff5176edff5176edff5176edff5176edff5176edff5176edff5176edff5176edff5176edff5176edff5176edff5176edffffffffffffffffffffffffffffffffffffffffffffffffffffffffffffffffffffffffffffffffffffffffffffffffffffffffffffffffffffffffffffffffffffffffffffffffffffffffffffffffffffffffffffffffffffffffffffffffff5176edff5176edff5176edff000000ff000000ff000000ff000000ff000000ff
000000ff5176edff5176edff5176edff5176edff5176edff5176edff5176edff5176edff5176edff5176edff5176edff5176edff5176edff5176edff5176edff5176edff5176edff5176edff5176edff5176edff5176edff5176edff5176edff5176edff5176edff5176edffffffffffffffffffffffffffffffffffffffffffffffffffffffffffffffffffffffffffffffffffffffffffffffffffffffffffffffffffffffffffffffffffffffffffffffffffffffffffffffffffffffffffffffffffffffffffffffffffffffffffffffffff5176edff5176edff000000ff000000ff000000ff000000ff000000ff
000000ff5176edff5176edff5176edff5176edff5176edff5176edff5176edff5176edff5176edff5176edff5176edff5176edff5176edff5176edff5176edff5176edff5176edff5176edff5176edff5176edff5176edff5176edff5176edff5176edff5176edff5176edffffffffffffffffffffffffffffffffffffffffffffffffffffffffffffffffffffffffffffffffffffffffffffffffffffffffffffffffffffffffffffffffffffffffffffffffffffffffffffffffffffffffffffffffffffffffffffffffffffffffffffffffff5176edff5176edff000000ff000000ff000000ff000000ff000000ff
5176edff5176edff5176edff5176edff5176edff5176edff5176edff5176edff5176edff5176edff5176edff5176edff5176edff5176edff5176edff5176edff5176edff5176edff5176edff5176edff5176edff5176edff5176edff5176edff5176edff5176edffffffffffffffffffffffffffffffffffffffffffffffffffffffffffffffffffffffffffffffffffffffffffffffffffffffffffffffffffffffffffffffffffffffffffffffffffffffffffffffffffffffffffffffffffffffffffffffffffffffffffffffffffffffffffffffffff5176edff5176edff000000ff000000ff000000ff000000ff
5176edff5176edff5176edff5176edff5176edff5176edff5176edff5176edff5176edff5176edff5176edff5176edff5176edff5176edff5176edff5176edff5176edff5176edff5176edff5176edff5176edff5176edff5176edff5176edff5176edff5176edffffffffffffffffffffffffffffffffffffffffffffffffffffffffffffffffffffffffffffffffffffffffffffffffffffffffffffffffffffffffffffffffffffffffffffffffffffffffffffffffffffffffffffffffffffffffffffffffffffffffffffffffffffffffffffffffff5176edff5176edff000000ff000000ff000000ff000000ff
5176edff5176edff5176edff5176edff5176edff5176edff5176edff5176edff5176edff5176edff5176edff5176edff5176edff5176edff5176edff5176edff5176edff5176edff5176edff5176edff5176edff5176edff5176edff5176edff5176edff5176edffffffffffffffffffffffffffffffffffffffffffffffffffffffffffffffffffffffffffffffffffffffffffffffffffffffffffffffffffffffffffffffffffffffffffffffffffffffffffffffffffffffffffffffffffffffffffffffffffffffffffffffffffffffffffffffffff5176edff5176edff000000ff000000ff000000ff000000ff
5176edff5176edff5176edff5176edff5176edff5176edff5176edff5176edff5176edff5176edff5176edff5176edff5176edff5176edff5176edff5176edff5176edff5176edff5176edff5176edff5176edff5176edff5176edff5176edff5176edff5176edffffffffffffffffffffffffffffffffffffffffffffffffffffffffffffffffffffffffffffffffffffffffffffffffffffffffffffffffffffffffffffffffffffffffffffffffffffffffffffffffffffffffffffffffffffffffffffffffffffffffffffffffffffffffffffffffff5176edff5176edff000000ff000000ff000000ff000000ff
5176edff5176edff5176edff5176edff5176edff5176edff5176edff5176edff5176edff5176edff5176edff5176edff5176edff5176edff5176edff5176edff5176edff5176edff5176edff5176edff5176edff5176edff5176edff5176edff5176edff5176edffffffffffffffffffffffffffffffffffffffffffffffffffffffffffffffffffffffffffffffffffffffffffffffffffffffffffffffffffffffffffffffffffffffffffffffffffffffffffffffffffffffffffffffffffffffffffffffffffffffffffffffffffffffffffffffffff5176edff5176edff000000ff000000ff000000ff000000ff
5176edff5176edff5176edff5176edff5176edff5176edff5176edff5176edff5176edff5176edff5176edff5176edff5176edff5176edff5176edff5176edff5176edff5176edff5176edff5176edff5176edff5176edff5176edff5176edff5176edff5176edffffffffffffffffffffffffffffffffffffffffffffffffffffffffffffffffffffffffffffffffffffffffffffffffffffffffffffffffffffffffffffffffffffffffffffffffffffffffffffffffffffffffffffffffffffffffffffffffffffffffffffffffffffffffffffffffff5176edff5176edff000000ff000000ff000000ff000000ff
5176edff5176edff5176edff5176edff5176edff5176edff5176edff5176edff5176edff5176edff5176edff5176edff5176edff5176edff5176edff5176edff5176edff5176edff5176edff5176edff5176edff5176edff5176edff5176edff5176edff5176edffffffffffffffffffffffffffffffffffffffffffffffffffffffffffffffffffffffffffffffffffffffffffffffffffffffffffffffffffffffffffffffffffffffffffffffffffffffffffffffffffffffffffffffffffffffffffffffffffffffffffffffffffffffffffffffffff5176edff5176edff000000ff000000ff000000ff000000ff
5176edff5176edff5176edff5176edff5176edff5176edff5176edff5176edff5176edff5176edff5176edff5176edff5176edff5176edff5176edff5176edff5176edff5176edff5176edff5176edff5176edff5176edff5176edff5176edff5176edff5176edffffffffffffffffffffffffffffffffffffffffffffffffffffffffffffffffffffffffffffffffffffffffffffffffffffffffffffffffffffffffffffffffffffffffffffffffffffffffffffffffffffffffffffffffffffffffffffffffffffffffffffffffffffffffffffffffff5176edff5176edff000000ff000000ff000000ff000000ff
000000ff5176edff5176edff5176edff5176edff5176edff5176edff5176edff5176edff5176edff5176edff5176edff5176edff5176edff5176edff5176edff5176edff5176edff5176edff5176edff5176edff5176edff5176edff5176edff5176edff5176edff5176edffffffffffffffffffffffffffffffffffffffffffffffffffffffffffffffffffffffffffffffffffffffffffffffffffffffffffffffffffffffffffffffffffffffffffffffffffffffffffffffffffffffffffffffffffffffffffffffffffffffffffffffffff5176edff5176edff000000ff000000ff000000ff000000ff000000ff
000000ff5176edff5176edff5176edff5176edff5176edff5176edff5176edff5176edff5176edff5176edff5176edff5176edff5176edff5176edff5176edff5176edff5176edff5176edff5176edff5176edff5176edff5176edff5176edff5176edff5176edff5176edffffffffffffffffffffffffffffffffffffffffffffffffffffffffffffffffffffffffffffffffffffffffffffffffffffffffffffffffffffffffffffffffffffffffffffffffffffffffffffffffffffffffffffffffffffffffffffffffffffffffffffffffff5176edff5176edff000000ff000000ff000000ff000000ff000000ff
000000ff5176edff5176edff5176edff5176edff5176edff5176edff5176edff5176edff5176edff5176edff5176edff5176edff5176edff5176edff5176edff5176edff5176edff5176edff5176edff5176edff5176edff5176edff5176edff5176edff5176edff5176edff5176edffffffffffffffffffffffffffffffffffffffffffffffffffffffffffffffffffffffffffffffffffffffffffffffffffffffffffffffffffffffffffffffffffffffffffffffffffffffffffffffffffffffffffffffffffffffffffffffffff5176edff5176edff5176edff000000ff000000ff000000ff000000ff000000ff
000000ff000000ff5176edff5176edff5176edff5176edff5176edff5176edff5176edff5176edff5176edff5176edff5176edff5176edff5176edff5176edff5176edff5176edff5176edff5176edff5176edff5176edff5176edff5176edff5176edff5176edff5176edff5176edffffffffffffffffffffffffffffffffffffffffffffffffffffffffffffffffffffffffffffffffffffffffffffffffffffffffffffffffffffffffffffffffffffffffffffffffffffffffffffffffffffffffffffffffffffffffffffffffff5176edff5176edff000000ff000000ff000000ff000000ff000000ff000000ff
000000ff000000ff5176edff5176edff5176edff5176edff5176edff5176edff5176edff5176edff5176edff5176edff5176edff5176edff5176edff5176edff5176edff5176edff5176edff5176edff5176edff5176edff5176edff5176edff5176edff5176edff5176edff5176edff5176edffffffffffffffffffffffffffffffffffffffffffffffffffffffffffffffffffffffffffffffffffffffffffffffffffffffffffffffffffffffffffffffffffffffffffffffffffffffffffffffffffffffffffffffffff5176edff5176edff5176edff000000ff000000ff000000ff000000ff000000ff000000ff
000000ff000000ff000000ff5176edff5176edff5176edff5176edff5176edff5176edff5176edff5176edff5176edff5176edff5176edff5176edff5176edff5176edff5176edff5176edff5176edff5176edff5176edff5176edff5176edff5176edff5176edff5176edff5176edff5176edff5176edffffffffffffffffffffffffffffffffffffffffffffffffffffffffffffffffffffffffffffffffffffffffffffffffffffffffffffffffffffffffffffffffffffffffffffffffffffffffffffffffff5176edff5176edff5176edff000000ff000000ff000000ff000000ff000000ff000000ff000000ff
000000ff000000ff000000ff000000ff5176edff5176edff5176edff5176edff5176edff5176edff5176edff5176edff5176edff5176edff5176edff5176edff5176edff5176edff5176edff5176edff5176edff5176edff5176edff5176edff5176edff5176edff5176edff5176edff5176edff5176edff5176edffffffffffffffffffffffffffffffffffffffffffffffffffffffffffffffffffffffffffffffffffffffffffffffffffffffffffffffffffffffffffffffffffffffffffffffffff5176edff5176edff5176edff000000ff000000ff000000ff000000ff000000ff000000ff000000ff000000ff
000000ff000000ff000000ff000000ff000000ff5176edff5176edff5176edff5176edff5176edff5176edff5176edff5176edff5176edff5176edff5176edff5176edff5176edff5176edff5176edff5176edff5176edff5176edff5176edff5176edff5176edff5176edff5176edff5176edff5176edff5176edff5176edffffffffffffffffffffffffffffffffffffffffffffffffffffffffffffffffffffffffffffffffffffffffffffffffffffffffffffffffffffffffffffffffff5176edff5176edff5176edff000000ff000000ff000000ff000000ff000000ff000000ff000000ff000000ff000000ff
000000ff000000ff000000ff000000ff000000ff000000ff5176edff5176edff5176edff5176edff5176edff5176edff5176edff5176edff5176edff5176edff5176edff5176edff5176edff5176edff5176edff5176edff5176edff5176edff5176edff5176edff5176edff5176edff5176edff5176edff5176edff5176edff5176edff5176edffffffffffffffffffffffffffffffffffffffffffffffffffffffffffffffffffffffffffffffffffffffffffffffffff5176edff5176edff5176edff5176edff000000ff000000ff000000ff000000ff000000ff000000ff000000ff000000ff000000ff000000ff
000000ff000000ff000000ff000000ff000000ff000000ff000000ff5176edff5176edff5176edff5176edff5176edff5176edff5176edff5176edff5176edff5176edff5176edff5176edff5176edff5176edff5176edff5176edff5176edff5176edff5176edff5176edff5176edff5176edff5176edff5176edff5176edff5176edff5176edff5176edff5176edffffffffffffffffffffffffffffffffffffffffffffffffffffffffffffffffff5176edff5176edff5176edff5176edff5176edff000000ff000000ff000000ff000000ff000000ff000000ff000000ff000000ff000000ff000000ff000000ff
000000ff000000ff000000ff000000ff000000ff000000ff000000ff000000ff000000ff5176edff5176edff5176edff5176edff5176edff5176edff5176edff5176edff5176edff5176edff5176edff5176edff5176edff5176edff5176edff5176edff5176edff5176edff5176edff5176edff5176edff5176edff5176edff5176edff5176edff5176edff5176edff5176edff5176edff5176edff5176edff5176edff5176edff5176edff5176edff5176edff5176edff5176edff000000ff000000ff000000ff000000ff000000ff000000ff000000ff000000ff000000ff000000ff000000ff000000ff000000ff
000000ff000000ff000000ff000000ff000000ff000000ff000000ff000000ff000000ff000000ff000000ff000000ff5176edff5176edff5176edff5176edff5176edff5176edff5176edff5176edff5176edff5176edff5176edff5176edff5176edff5176edff5176edff5176edff5176edff5176edff5176edff5176edff5176edff5176edff5176edff5176edff5176edff5176edff5176edff5176edff5176edff5176edff5176edff5176edff000000ff000000ff000000ff000000ff000000ff000000ff000000ff000000ff000000ff000000ff000000ff000000ff000000ff000000ff000000ff000000ff
000000ff000000ff000000ff000000ff000000ff000000ff000000ff000000ff000000ff000000ff000000ff000000ff000000ff000000ff000000ff000000ff000000ff000000ff000000ff000000ff000000ff000000ff000000ff000000ff000000ff000000ff000000ff000000ff000000ff000000ff000000ff000000ff000000ff000000ff000000ff000000ff000000ff000000ff000000ff000000ff000000ff000000ff000000ff000000ff000000ff000000ff000000ff000000ff000000ff000000ff000000ff000000ff000000ff000000ff000000ff000000ff000000ff000000ff000000ff000000ff
000000ff000000ff000000ff000000ff000000ff000000ff000000ff000000ff000000ff000000ff000000ff000000ff000000ff000000ff000000ff000000ff000000ff000000ff000000ff000000ff000000ff000000ff000000ff000000ff000000ff000000ff000000ff000000ff000000ff000000ff000000ff000000ff000000ff000000ff000000ff000000ff000000ff000000ff000000ff000000ff000000ff000000ff000000ff000000ff000000ff000000ff000000ff000000ff000000ff000000ff000000ff000000ff000000ff000000ff000000ff000000ff000000ff000000ff000000ff000000ff
000000ff000000ff000000ff000000ff000000ff000000ff000000ff000000ff000000ff000000ff000000ff000000ff000000ff000000ff000000ff000000ff000000ff000000ff000000ff000000ff000000ff000000ff000000ff000000ff000000ff000000ff000000ff000000ff000000ff000000ff000000ff000000ff000000ff000000ff000000ff000000ff000000ff000000ff000000ff000000ff000000ff000000ff000000ff000000ff000000ff000000ff000000ff000000ff000000ff000000ff000000ff000000ff000000ff000000ff000000ff000000ff000000ff000000ff000000ff000000ff
000000ff000000ff000000ff000000ff000000ff000000ff000000ff000000ff000000ff000000ff000000ff000000ff000000ff000000ff000000ff000000ff000000ff000000ff000000ff000000ff000000ff000000ff000000ff000000ff000000ff000000ff000000ff000000ff000000ff000000ff000000ff000000ff000000ff000000ff000000ff000000ff000000ff000000ff000000ff000000ff000000ff000000ff000000ff000000ff000000ff000000ff000000ff000000ff000000ff000000ff000000ff000000ff000000ff000000ff000000ff000000ff000000ff000000ff000000ff000000ff
